<html>
<body>
<pre>
<h1>µVision Build Log</h1>
<h2>Project:</h2>
C:\Users\Vivian\Documents\Spring 2015\319K\Labs\SVN Stuff\students\cas5776_vyt73\Lab10\SpaceInvaders.uvproj
Project File Date:  05/01/2015

<h2>Output:</h2>
Build target 'SpaceInvaders'
compiling SpaceInvaders.c...
linking...
Program Size: Code=9424 RO-data=7484 RW-data=1172 ZI-data=1412  
".\SpaceInvaders.axf" - 0 Error(s), 0 Warning(s).
Load "C:\\Users\\Vivian\\Documents\\Spring 2015\\319K\\Labs\\SVN Stuff\\students\\cas5776_vyt73\\Lab10\\SpaceInvaders.axf" 
Connecting: Mode=JTAG, Speed=1000000Hz
Erase Done.
Programming Done.
Verify OK.
 Download failed  -  "Cortex-M4"
\Users\\Vivian\\Documents\\Spring 2015\\319K\\Labs\\SVN Stuff\\students\\cas5776_vyt73\\Lab10\\SpaceInvaders.axf" 
Connecting: Mode=JTAG, Speed=1000000Hz
Erase Done.
Programming Done.
Verify OK.
led!, error code=&d
Error: Flash Download failed  -  Target DLL has been cancelled
nvaders.axf" 
Connecting: Mode=JTAG, Speed=1000000Hz
Erase Done.
Programming Done.
Verify OK.
